Starting a Gradle Daemon (subsequent builds will be faster)
Including wallettemplate because Gradle 5.6.1 and Java 11

> Configure project :common
WARNING: The option setting 'android.enableSeparateAnnotationProcessing=true' is experimental and unsupported.
The current default is 'false'.

Ignoring invalid ABI 'riscv64' found in ABI metadata file 'C:\Users\yench\pepepow-android-wallet\external\android-ndk-r29\android-ndk-r29\meta\abis.json'.
Mapping new ns http://schemas.android.com/repository/android/common/02 to old ns http://schemas.android.com/repository/android/common/01
Mapping new ns http://schemas.android.com/repository/android/generic/02 to old ns http://schemas.android.com/repository/android/generic/01
Mapping new ns http://schemas.android.com/sdk/android/repo/addon2/02 to old ns http://schemas.android.com/sdk/android/repo/addon2/01
Mapping new ns http://schemas.android.com/sdk/android/repo/addon2/03 to old ns http://schemas.android.com/sdk/android/repo/addon2/01
Mapping new ns http://schemas.android.com/sdk/android/repo/repository2/02 to old ns http://schemas.android.com/sdk/android/repo/repository2/01
Mapping new ns http://schemas.android.com/sdk/android/repo/repository2/03 to old ns http://schemas.android.com/sdk/android/repo/repository2/01
Mapping new ns http://schemas.android.com/sdk/android/repo/sys-img2/03 to old ns http://schemas.android.com/sdk/android/repo/sys-img2/01
Mapping new ns http://schemas.android.com/sdk/android/repo/sys-img2/02 to old ns http://schemas.android.com/sdk/android/repo/sys-img2/01
Mapping new ns http://schemas.android.com/repository/android/common/02 to old ns http://schemas.android.com/repository/android/common/01
Mapping new ns http://schemas.android.com/repository/android/generic/02 to old ns http://schemas.android.com/repository/android/generic/01
Mapping new ns http://schemas.android.com/sdk/android/repo/addon2/02 to old ns http://schemas.android.com/sdk/android/repo/addon2/01
Mapping new ns http://schemas.android.com/sdk/android/repo/addon2/03 to old ns http://schemas.android.com/sdk/android/repo/addon2/01
Mapping new ns http://schemas.android.com/sdk/android/repo/repository2/02 to old ns http://schemas.android.com/sdk/android/repo/repository2/01
Mapping new ns http://schemas.android.com/sdk/android/repo/repository2/03 to old ns http://schemas.android.com/sdk/android/repo/repository2/01
Mapping new ns http://schemas.android.com/sdk/android/repo/sys-img2/03 to old ns http://schemas.android.com/sdk/android/repo/sys-img2/01
Mapping new ns http://schemas.android.com/sdk/android/repo/sys-img2/02 to old ns http://schemas.android.com/sdk/android/repo/sys-img2/01
Mapping new ns http://schemas.android.com/repository/android/common/02 to old ns http://schemas.android.com/repository/android/common/01
Mapping new ns http://schemas.android.com/repository/android/generic/02 to old ns http://schemas.android.com/repository/android/generic/01
Mapping new ns http://schemas.android.com/sdk/android/repo/addon2/02 to old ns http://schemas.android.com/sdk/android/repo/addon2/01
Mapping new ns http://schemas.android.com/sdk/android/repo/addon2/03 to old ns http://schemas.android.com/sdk/android/repo/addon2/01
Mapping new ns http://schemas.android.com/sdk/android/repo/repository2/02 to old ns http://schemas.android.com/sdk/android/repo/repository2/01
Mapping new ns http://schemas.android.com/sdk/android/repo/repository2/03 to old ns http://schemas.android.com/sdk/android/repo/repository2/01
Mapping new ns http://schemas.android.com/sdk/android/repo/sys-img2/03 to old ns http://schemas.android.com/sdk/android/repo/sys-img2/01
Mapping new ns http://schemas.android.com/sdk/android/repo/sys-img2/02 to old ns http://schemas.android.com/sdk/android/repo/sys-img2/01
Mapping new ns http://schemas.android.com/repository/android/common/02 to old ns http://schemas.android.com/repository/android/common/01
Mapping new ns http://schemas.android.com/repository/android/generic/02 to old ns http://schemas.android.com/repository/android/generic/01
Mapping new ns http://schemas.android.com/sdk/android/repo/addon2/02 to old ns http://schemas.android.com/sdk/android/repo/addon2/01
Mapping new ns http://schemas.android.com/sdk/android/repo/addon2/03 to old ns http://schemas.android.com/sdk/android/repo/addon2/01
Mapping new ns http://schemas.android.com/sdk/android/repo/repository2/02 to old ns http://schemas.android.com/sdk/android/repo/repository2/01
Mapping new ns http://schemas.android.com/sdk/android/repo/repository2/03 to old ns http://schemas.android.com/sdk/android/repo/repository2/01
Mapping new ns http://schemas.android.com/sdk/android/repo/sys-img2/03 to old ns http://schemas.android.com/sdk/android/repo/sys-img2/01
Mapping new ns http://schemas.android.com/sdk/android/repo/sys-img2/02 to old ns http://schemas.android.com/sdk/android/repo/sys-img2/01
Mapping new ns http://schemas.android.com/repository/android/common/02 to old ns http://schemas.android.com/repository/android/common/01
Mapping new ns http://schemas.android.com/repository/android/generic/02 to old ns http://schemas.android.com/repository/android/generic/01
Mapping new ns http://schemas.android.com/sdk/android/repo/addon2/02 to old ns http://schemas.android.com/sdk/android/repo/addon2/01
Mapping new ns http://schemas.android.com/sdk/android/repo/addon2/03 to old ns http://schemas.android.com/sdk/android/repo/addon2/01
Mapping new ns http://schemas.android.com/sdk/android/repo/repository2/02 to old ns http://schemas.android.com/sdk/android/repo/repository2/01
Mapping new ns http://schemas.android.com/sdk/android/repo/repository2/03 to old ns http://schemas.android.com/sdk/android/repo/repository2/01
Mapping new ns http://schemas.android.com/sdk/android/repo/sys-img2/03 to old ns http://schemas.android.com/sdk/android/repo/sys-img2/01
Mapping new ns http://schemas.android.com/sdk/android/repo/sys-img2/02 to old ns http://schemas.android.com/sdk/android/repo/sys-img2/01
Mapping new ns http://schemas.android.com/repository/android/common/02 to old ns http://schemas.android.com/repository/android/common/01
Mapping new ns http://schemas.android.com/repository/android/generic/02 to old ns http://schemas.android.com/repository/android/generic/01
Mapping new ns http://schemas.android.com/sdk/android/repo/addon2/02 to old ns http://schemas.android.com/sdk/android/repo/addon2/01
Mapping new ns http://schemas.android.com/sdk/android/repo/addon2/03 to old ns http://schemas.android.com/sdk/android/repo/addon2/01
Mapping new ns http://schemas.android.com/sdk/android/repo/repository2/02 to old ns http://schemas.android.com/sdk/android/repo/repository2/01
Mapping new ns http://schemas.android.com/sdk/android/repo/repository2/03 to old ns http://schemas.android.com/sdk/android/repo/repository2/01
Mapping new ns http://schemas.android.com/sdk/android/repo/sys-img2/03 to old ns http://schemas.android.com/sdk/android/repo/sys-img2/01
Mapping new ns http://schemas.android.com/sdk/android/repo/sys-img2/02 to old ns http://schemas.android.com/sdk/android/repo/sys-img2/01
Mapping new ns http://schemas.android.com/repository/android/common/02 to old ns http://schemas.android.com/repository/android/common/01
Mapping new ns http://schemas.android.com/repository/android/generic/02 to old ns http://schemas.android.com/repository/android/generic/01
Mapping new ns http://schemas.android.com/sdk/android/repo/addon2/02 to old ns http://schemas.android.com/sdk/android/repo/addon2/01
Mapping new ns http://schemas.android.com/sdk/android/repo/addon2/03 to old ns http://schemas.android.com/sdk/android/repo/addon2/01
Mapping new ns http://schemas.android.com/sdk/android/repo/repository2/02 to old ns http://schemas.android.com/sdk/android/repo/repository2/01
Mapping new ns http://schemas.android.com/sdk/android/repo/repository2/03 to old ns http://schemas.android.com/sdk/android/repo/repository2/01
Mapping new ns http://schemas.android.com/sdk/android/repo/sys-img2/03 to old ns http://schemas.android.com/sdk/android/repo/sys-img2/01
Mapping new ns http://schemas.android.com/sdk/android/repo/sys-img2/02 to old ns http://schemas.android.com/sdk/android/repo/sys-img2/01
Mapping new ns http://schemas.android.com/repository/android/common/02 to old ns http://schemas.android.com/repository/android/common/01
Mapping new ns http://schemas.android.com/repository/android/generic/02 to old ns http://schemas.android.com/repository/android/generic/01
Mapping new ns http://schemas.android.com/sdk/android/repo/addon2/02 to old ns http://schemas.android.com/sdk/android/repo/addon2/01
Mapping new ns http://schemas.android.com/sdk/android/repo/addon2/03 to old ns http://schemas.android.com/sdk/android/repo/addon2/01
Mapping new ns http://schemas.android.com/sdk/android/repo/repository2/02 to old ns http://schemas.android.com/sdk/android/repo/repository2/01
Mapping new ns http://schemas.android.com/sdk/android/repo/repository2/03 to old ns http://schemas.android.com/sdk/android/repo/repository2/01
Mapping new ns http://schemas.android.com/sdk/android/repo/sys-img2/03 to old ns http://schemas.android.com/sdk/android/repo/sys-img2/01
Mapping new ns http://schemas.android.com/sdk/android/repo/sys-img2/02 to old ns http://schemas.android.com/sdk/android/repo/sys-img2/01
Mapping new ns http://schemas.android.com/repository/android/common/02 to old ns http://schemas.android.com/repository/android/common/01
Mapping new ns http://schemas.android.com/repository/android/generic/02 to old ns http://schemas.android.com/repository/android/generic/01
Mapping new ns http://schemas.android.com/sdk/android/repo/addon2/02 to old ns http://schemas.android.com/sdk/android/repo/addon2/01
Mapping new ns http://schemas.android.com/sdk/android/repo/addon2/03 to old ns http://schemas.android.com/sdk/android/repo/addon2/01
Mapping new ns http://schemas.android.com/sdk/android/repo/repository2/02 to old ns http://schemas.android.com/sdk/android/repo/repository2/01
Mapping new ns http://schemas.android.com/sdk/android/repo/repository2/03 to old ns http://schemas.android.com/sdk/android/repo/repository2/01
Mapping new ns http://schemas.android.com/sdk/android/repo/sys-img2/03 to old ns http://schemas.android.com/sdk/android/repo/sys-img2/01
Mapping new ns http://schemas.android.com/sdk/android/repo/sys-img2/02 to old ns http://schemas.android.com/sdk/android/repo/sys-img2/01
未預期的元素 (URI:"", 本機:"extension-level"). 預期的元素為 <{}codename>,<{}layoutlib>,<{}api-level>
未預期的元素 (URI:"", 本機:"base-extension"). 預期的元素為 <{}codename>,<{}layoutlib>,<{}api-level>
Mapping new ns http://schemas.android.com/repository/android/common/02 to old ns http://schemas.android.com/repository/android/common/01
Mapping new ns http://schemas.android.com/repository/android/generic/02 to old ns http://schemas.android.com/repository/android/generic/01
Mapping new ns http://schemas.android.com/sdk/android/repo/addon2/02 to old ns http://schemas.android.com/sdk/android/repo/addon2/01
Mapping new ns http://schemas.android.com/sdk/android/repo/addon2/03 to old ns http://schemas.android.com/sdk/android/repo/addon2/01
Mapping new ns http://schemas.android.com/sdk/android/repo/repository2/02 to old ns http://schemas.android.com/sdk/android/repo/repository2/01
Mapping new ns http://schemas.android.com/sdk/android/repo/repository2/03 to old ns http://schemas.android.com/sdk/android/repo/repository2/01
Mapping new ns http://schemas.android.com/sdk/android/repo/sys-img2/03 to old ns http://schemas.android.com/sdk/android/repo/sys-img2/01
Mapping new ns http://schemas.android.com/sdk/android/repo/sys-img2/02 to old ns http://schemas.android.com/sdk/android/repo/sys-img2/01
未預期的元素 (URI:"", 本機:"extension-level"). 預期的元素為 <{}codename>,<{}layoutlib>,<{}api-level>
未預期的元素 (URI:"", 本機:"base-extension"). 預期的元素為 <{}codename>,<{}layoutlib>,<{}api-level>
Mapping new ns http://schemas.android.com/repository/android/common/02 to old ns http://schemas.android.com/repository/android/common/01
Mapping new ns http://schemas.android.com/repository/android/generic/02 to old ns http://schemas.android.com/repository/android/generic/01
Mapping new ns http://schemas.android.com/sdk/android/repo/addon2/02 to old ns http://schemas.android.com/sdk/android/repo/addon2/01
Mapping new ns http://schemas.android.com/sdk/android/repo/addon2/03 to old ns http://schemas.android.com/sdk/android/repo/addon2/01
Mapping new ns http://schemas.android.com/sdk/android/repo/repository2/02 to old ns http://schemas.android.com/sdk/android/repo/repository2/01
Mapping new ns http://schemas.android.com/sdk/android/repo/repository2/03 to old ns http://schemas.android.com/sdk/android/repo/repository2/01
Mapping new ns http://schemas.android.com/sdk/android/repo/sys-img2/03 to old ns http://schemas.android.com/sdk/android/repo/sys-img2/01
Mapping new ns http://schemas.android.com/sdk/android/repo/sys-img2/02 to old ns http://schemas.android.com/sdk/android/repo/sys-img2/01
未預期的元素 (URI:"", 本機:"base-extension"). 預期的元素為 <{}codename>,<{}layoutlib>,<{}api-level>
Mapping new ns http://schemas.android.com/repository/android/common/02 to old ns http://schemas.android.com/repository/android/common/01
Mapping new ns http://schemas.android.com/repository/android/generic/02 to old ns http://schemas.android.com/repository/android/generic/01
Mapping new ns http://schemas.android.com/sdk/android/repo/addon2/02 to old ns http://schemas.android.com/sdk/android/repo/addon2/01
Mapping new ns http://schemas.android.com/sdk/android/repo/addon2/03 to old ns http://schemas.android.com/sdk/android/repo/addon2/01
Mapping new ns http://schemas.android.com/sdk/android/repo/repository2/02 to old ns http://schemas.android.com/sdk/android/repo/repository2/01
Mapping new ns http://schemas.android.com/sdk/android/repo/repository2/03 to old ns http://schemas.android.com/sdk/android/repo/repository2/01
Mapping new ns http://schemas.android.com/sdk/android/repo/sys-img2/03 to old ns http://schemas.android.com/sdk/android/repo/sys-img2/01
Mapping new ns http://schemas.android.com/sdk/android/repo/sys-img2/02 to old ns http://schemas.android.com/sdk/android/repo/sys-img2/01
未預期的元素 (URI:"", 本機:"extension-level"). 預期的元素為 <{}codename>,<{}api-level>
未預期的元素 (URI:"", 本機:"base-extension"). 預期的元素為 <{}codename>,<{}api-level>
Mapping new ns http://schemas.android.com/repository/android/common/02 to old ns http://schemas.android.com/repository/android/common/01
Mapping new ns http://schemas.android.com/repository/android/generic/02 to old ns http://schemas.android.com/repository/android/generic/01
Mapping new ns http://schemas.android.com/sdk/android/repo/addon2/02 to old ns http://schemas.android.com/sdk/android/repo/addon2/01
Mapping new ns http://schemas.android.com/sdk/android/repo/addon2/03 to old ns http://schemas.android.com/sdk/android/repo/addon2/01
Mapping new ns http://schemas.android.com/sdk/android/repo/repository2/02 to old ns http://schemas.android.com/sdk/android/repo/repository2/01
Mapping new ns http://schemas.android.com/sdk/android/repo/repository2/03 to old ns http://schemas.android.com/sdk/android/repo/repository2/01
Mapping new ns http://schemas.android.com/sdk/android/repo/sys-img2/03 to old ns http://schemas.android.com/sdk/android/repo/sys-img2/01
Mapping new ns http://schemas.android.com/sdk/android/repo/sys-img2/02 to old ns http://schemas.android.com/sdk/android/repo/sys-img2/01
未預期的元素 (URI:"", 本機:"extension-level"). 預期的元素為 <{}vendor>,<{}codename>,<{}abi>,<{}api-level>,<{}tag>
未預期的元素 (URI:"", 本機:"base-extension"). 預期的元素為 <{}vendor>,<{}codename>,<{}abi>,<{}api-level>,<{}tag>

> Task :integration-android:compileJava UP-TO-DATE
> Task :integration-android:processResources NO-SOURCE
> Task :integration-android:classes UP-TO-DATE
> Task :integration-android:jar UP-TO-DATE
> Task :common:preBuild UP-TO-DATE
> Task :common:preDebugBuild UP-TO-DATE
> Task :common:compileDebugAidl NO-SOURCE
> Task :common:checkDebugManifest UP-TO-DATE
> Task :common:generateDebugBuildConfig UP-TO-DATE
> Task :common:compileDebugRenderscript NO-SOURCE
> Task :common:generateDebugResValues UP-TO-DATE
> Task :common:generateDebugResources UP-TO-DATE
> Task :common:packageDebugResources UP-TO-DATE
> Task :common:parseDebugLibraryResources UP-TO-DATE
> Task :common:processDebugManifest UP-TO-DATE
> Task :common:generateDebugRFile UP-TO-DATE
> Task :common:javaPreCompileDebug UP-TO-DATE
> Task :common:processDebugAnnotationsWithJavac UP-TO-DATE
> Task :common:compileDebugJavaWithJavac UP-TO-DATE
> Task :common:bundleLibCompileDebug UP-TO-DATE
> Task :ui-redesign:preBuild UP-TO-DATE
> Task :ui-redesign:preDebugBuild UP-TO-DATE
> Task :ui-redesign:checkDebugManifest UP-TO-DATE
> Task :ui-redesign:compileDebugRenderscript NO-SOURCE
> Task :ui-redesign:compileDebugAidl NO-SOURCE
> Task :ui-redesign:generateDebugBuildConfig UP-TO-DATE
> Task :ui-redesign:generateDebugResValues UP-TO-DATE
> Task :ui-redesign:generateDebugResources UP-TO-DATE
> Task :ui-redesign:packageDebugResources UP-TO-DATE
> Task :ui-redesign:parseDebugLibraryResources UP-TO-DATE
> Task :ui-redesign:processDebugManifest UP-TO-DATE
> Task :ui-redesign:generateDebugRFile UP-TO-DATE
> Task :ui-redesign:compileDebugKotlin UP-TO-DATE
> Task :ui-redesign:javaPreCompileDebug UP-TO-DATE
> Task :ui-redesign:processDebugAnnotationsWithJavac UP-TO-DATE
> Task :ui-redesign:compileDebugJavaWithJavac UP-TO-DATE
> Task :ui-redesign:bundleLibCompileDebug UP-TO-DATE
> Task :uphold-integration:preBuild UP-TO-DATE
> Task :uphold-integration:extractProguardFiles UP-TO-DATE
> Task :uphold-integration:preDebugBuild UP-TO-DATE
> Task :common:packageDebugRenderscript NO-SOURCE
> Task :ui-redesign:packageDebugRenderscript NO-SOURCE
> Task :uphold-integration:compileDebugAidl NO-SOURCE
> Task :uphold-integration:compileDebugRenderscript NO-SOURCE
> Task :uphold-integration:checkDebugManifest UP-TO-DATE
> Task :uphold-integration:generateDebugBuildConfig UP-TO-DATE
> Task :uphold-integration:generateDebugResValues UP-TO-DATE
> Task :uphold-integration:generateDebugResources UP-TO-DATE
> Task :uphold-integration:packageDebugResources UP-TO-DATE
> Task :uphold-integration:parseDebugLibraryResources UP-TO-DATE
> Task :uphold-integration:processDebugManifest UP-TO-DATE
> Task :uphold-integration:generateDebugRFile UP-TO-DATE
> Task :uphold-integration:javaPreCompileDebug UP-TO-DATE
> Task :uphold-integration:processDebugAnnotationsWithJavac UP-TO-DATE
> Task :uphold-integration:compileDebugJavaWithJavac UP-TO-DATE
> Task :uphold-integration:bundleLibCompileDebug UP-TO-DATE
> Task :wallet:preBuild UP-TO-DATE
> Task :wallet:extractProguardFiles UP-TO-DATE
> Task :wallet:preBetaDebugBuild UP-TO-DATE
> Task :uphold-integration:packageDebugRenderscript NO-SOURCE
> Task :wallet:checkBetaDebugManifest UP-TO-DATE
> Task :wallet:generateBetaDebugBuildConfig UP-TO-DATE
> Task :wallet:compileBetaDebugAidl NO-SOURCE
> Task :wallet:compileBetaDebugRenderscript NO-SOURCE
> Task :wallet:mainApkListPersistenceBetaDebug UP-TO-DATE
> Task :wallet:generateBetaDebugResValues UP-TO-DATE
> Task :wallet:generateBetaDebugResources UP-TO-DATE
> Task :wallet:mergeBetaDebugResources UP-TO-DATE
> Task :wallet:createBetaDebugCompatibleScreenManifests UP-TO-DATE
> Task :wallet:processBetaDebugManifest UP-TO-DATE
> Task :wallet:processBetaDebugResources UP-TO-DATE
> Task :wallet:compileBetaDebugKotlin UP-TO-DATE
> Task :wallet:javaPreCompileBetaDebug UP-TO-DATE
> Task :wallet:processBetaDebugAnnotationsWithJavac UP-TO-DATE
> Task :wallet:compileBetaDebugJavaWithJavac UP-TO-DATE
> Task :common:mergeDebugJniLibFolders UP-TO-DATE
> Task :common:mergeDebugNativeLibs UP-TO-DATE
> Task :common:stripDebugDebugSymbols UP-TO-DATE
> Task :common:transformNativeLibsWithIntermediateJniLibsForDebug UP-TO-DATE
> Task :ui-redesign:mergeDebugJniLibFolders UP-TO-DATE
> Task :ui-redesign:mergeDebugNativeLibs UP-TO-DATE
> Task :ui-redesign:stripDebugDebugSymbols UP-TO-DATE
> Task :ui-redesign:transformNativeLibsWithIntermediateJniLibsForDebug UP-TO-DATE
> Task :uphold-integration:mergeDebugJniLibFolders UP-TO-DATE
> Task :uphold-integration:mergeDebugNativeLibs UP-TO-DATE
> Task :uphold-integration:stripDebugDebugSymbols UP-TO-DATE
> Task :uphold-integration:transformNativeLibsWithIntermediateJniLibsForDebug UP-TO-DATE
> Task :wallet:generateJsonModelBetaDebug FAILED
./gradlew : 
位於 線路:1 字元:134
+ ... $env:Path"; ./gradlew :wallet:assembleDebug --stacktrace *> build-out ...
+                 ~~~~~~~~~~~~~~~~~~~~~~~~~~~~~~~~~~~~~~~~~~~~~~~~~~~~~~~~~
    + CategoryInfo          : NotSpecified: (:String) [], RemoteException
    + FullyQualifiedErrorId : NativeCommandError
 
FAILURE: Build failed with an exception.

* What went wrong:
Execution failed for task ':wallet:generateJsonModelBetaDebug'.
> java.lang.NullPointerException (no error message)

* Try:
Run with --info or --debug option to get more log output. Run with --scan to get full insights.

* Exception is:
org.gradle.api.tasks.TaskExecutionException: Execution failed for task ':wallet:generateJsonModelBetaDebug'.
	at org.gradle.api.internal.tasks.execution.ExecuteActionsTaskExecuter$3.accept(ExecuteActionsTaskExecuter.java:166)
	at org.gradle.api.internal.tasks.execution.ExecuteActionsTaskExecuter$3.accept(ExecuteActionsTaskExecuter.java:163)
	at org.gradle.internal.Try$Failure.ifSuccessfulOrElse(Try.java:191)
	at org.gradle.api.internal.tasks.execution.ExecuteActionsTaskExecuter.execute(ExecuteActionsTaskExecuter.java:156)
	at org.gradle.api.internal.tasks.execution.ValidatingTaskExecuter.execute(ValidatingTaskExecuter.java:62)
	at org.gradle.api.internal.tasks.execution.SkipEmptySourceFilesTaskExecuter.execute(SkipEmptySourceFilesTaskExecuter.j
ava:108)
	at org.gradle.api.internal.tasks.execution.ResolveBeforeExecutionOutputsTaskExecuter.execute(ResolveBeforeExecutionOut
putsTaskExecuter.java:67)
	at org.gradle.api.internal.tasks.execution.ResolveAfterPreviousExecutionStateTaskExecuter.execute(ResolveAfterPrevious
ExecutionStateTaskExecuter.java:46)
	at org.gradle.api.internal.tasks.execution.CleanupStaleOutputsExecuter.execute(CleanupStaleOutputsExecuter.java:94)
	at org.gradle.api.internal.tasks.execution.FinalizePropertiesTaskExecuter.execute(FinalizePropertiesTaskExecuter.java:
46)
	at org.gradle.api.internal.tasks.execution.ResolveTaskExecutionModeExecuter.execute(ResolveTaskExecutionModeExecuter.j
ava:95)
	at org.gradle.api.internal.tasks.execution.SkipTaskWithNoActionsExecuter.execute(SkipTaskWithNoActionsExecuter.java:57
)
	at org.gradle.api.internal.tasks.execution.SkipOnlyIfTaskExecuter.execute(SkipOnlyIfTaskExecuter.java:56)
	at org.gradle.api.internal.tasks.execution.CatchExceptionTaskExecuter.execute(CatchExceptionTaskExecuter.java:36)
	at org.gradle.api.internal.tasks.execution.EventFiringTaskExecuter$1.executeTask(EventFiringTaskExecuter.java:77)
	at org.gradle.api.internal.tasks.execution.EventFiringTaskExecuter$1.call(EventFiringTaskExecuter.java:55)
	at org.gradle.api.internal.tasks.execution.EventFiringTaskExecuter$1.call(EventFiringTaskExecuter.java:52)
	at org.gradle.internal.operations.DefaultBuildOperationExecutor$CallableBuildOperationWorker.execute(DefaultBuildOpera
tionExecutor.java:416)
	at org.gradle.internal.operations.DefaultBuildOperationExecutor$CallableBuildOperationWorker.execute(DefaultBuildOpera
tionExecutor.java:406)
	at org.gradle.internal.operations.DefaultBuildOperationExecutor$1.execute(DefaultBuildOperationExecutor.java:165)
	at org.gradle.internal.operations.DefaultBuildOperationExecutor.execute(DefaultBuildOperationExecutor.java:250)
	at org.gradle.internal.operations.DefaultBuildOperationExecutor.execute(DefaultBuildOperationExecutor.java:158)
	at org.gradle.internal.operations.DefaultBuildOperationExecutor.call(DefaultBuildOperationExecutor.java:102)
	at org.gradle.internal.operations.DelegatingBuildOperationExecutor.call(DelegatingBuildOperationExecutor.java:36)
	at org.gradle.api.internal.tasks.execution.EventFiringTaskExecuter.execute(EventFiringTaskExecuter.java:52)
	at org.gradle.execution.plan.LocalTaskNodeExecutor.execute(LocalTaskNodeExecutor.java:43)
	at org.gradle.execution.taskgraph.DefaultTaskExecutionGraph$InvokeNodeExecutorsAction.execute(DefaultTaskExecutionGrap
h.java:355)
	at org.gradle.execution.taskgraph.DefaultTaskExecutionGraph$InvokeNodeExecutorsAction.execute(DefaultTaskExecutionGrap
h.java:343)
	at org.gradle.execution.taskgraph.DefaultTaskExecutionGraph$BuildOperationAwareExecutionAction.execute(DefaultTaskExec
utionGraph.java:336)
	at org.gradle.execution.taskgraph.DefaultTaskExecutionGraph$BuildOperationAwareExecutionAction.execute(DefaultTaskExec
utionGraph.java:322)
	at org.gradle.execution.plan.DefaultPlanExecutor$ExecutorWorker$1.execute(DefaultPlanExecutor.java:134)
	at org.gradle.execution.plan.DefaultPlanExecutor$ExecutorWorker$1.execute(DefaultPlanExecutor.java:129)
	at org.gradle.execution.plan.DefaultPlanExecutor$ExecutorWorker.execute(DefaultPlanExecutor.java:202)
	at org.gradle.execution.plan.DefaultPlanExecutor$ExecutorWorker.executeNextNode(DefaultPlanExecutor.java:193)
	at org.gradle.execution.plan.DefaultPlanExecutor$ExecutorWorker.run(DefaultPlanExecutor.java:129)
	at org.gradle.internal.concurrent.ExecutorPolicy$CatchAndRecordFailures.onExecute(ExecutorPolicy.java:64)
	at org.gradle.internal.concurrent.ManagedExecutorImpl$1.run(ManagedExecutorImpl.java:48)
	at org.gradle.internal.concurrent.ThreadFactoryImpl$ManagedThreadRunnable.run(ThreadFactoryImpl.java:56)
Caused by: java.lang.NullPointerException
	at com.android.build.gradle.external.cmake.server.ServerProtocolV1.readExpected(ServerProtocolV1.java:519)
	at com.android.build.gradle.external.cmake.server.ServerProtocolV1.readMessage(ServerProtocolV1.java:547)
	at com.android.build.gradle.external.cmake.server.ServerProtocolV1.decodeResponse(ServerProtocolV1.java:404)
	at com.android.build.gradle.external.cmake.server.ServerProtocolV1.decodeResponse(ServerProtocolV1.java:398)
	at com.android.build.gradle.external.cmake.server.ServerProtocolV1.connect(ServerProtocolV1.java:113)
	at com.android.build.gradle.tasks.CmakeServerExternalNativeJsonGenerator.executeProcessAndGetOutput(CmakeServerExterna
lNativeJsonGenerator.java:186)
	at com.android.build.gradle.tasks.CmakeExternalNativeJsonGenerator.executeProcess(CmakeExternalNativeJsonGenerator.jav
a:100)
	at com.android.build.gradle.tasks.ExternalNativeJsonGenerator.buildForOneConfiguration(ExternalNativeJsonGenerator.jav
a:276)
	at com.android.build.gradle.tasks.ExternalNativeJsonGenerator.buildAndPropagateException(ExternalNativeJsonGenerator.j
ava:180)
	at com.android.build.gradle.tasks.ExternalNativeJsonGenerator.build(ExternalNativeJsonGenerator.java:124)
	at com.android.build.gradle.tasks.ExternalNativeBuildJsonTask.doTaskAction(ExternalNativeBuildJsonTask.java:38)
	at com.android.build.gradle.internal.tasks.NonIncrementalTask$taskAction$$inlined$recordTaskAction$1.invoke(AndroidVar
iantTask.kt:51)
	at com.android.build.gradle.internal.tasks.NonIncrementalTask$taskAction$$inlined$recordTaskAction$1.invoke(AndroidVar
iantTask.kt:31)
	at com.android.build.gradle.internal.tasks.Blocks.recordSpan(Blocks.java:91)
	at com.android.build.gradle.internal.tasks.NonIncrementalTask.taskAction(NonIncrementalTask.kt:34)
	at java.base/jdk.internal.reflect.NativeMethodAccessorImpl.invoke0(Native Method)
	at java.base/jdk.internal.reflect.NativeMethodAccessorImpl.invoke(NativeMethodAccessorImpl.java:62)
	at java.base/jdk.internal.reflect.DelegatingMethodAccessorImpl.invoke(DelegatingMethodAccessorImpl.java:43)
	at org.gradle.internal.reflect.JavaMethod.invoke(JavaMethod.java:103)
	at org.gradle.api.internal.project.taskfactory.StandardTaskAction.doExecute(StandardTaskAction.java:49)
	at org.gradle.api.internal.project.taskfactory.StandardTaskAction.execute(StandardTaskAction.java:42)
	at org.gradle.api.internal.project.taskfactory.StandardTaskAction.execute(StandardTaskAction.java:28)
	at org.gradle.api.internal.AbstractTask$TaskActionWrapper.execute(AbstractTask.java:717)
	at org.gradle.api.internal.AbstractTask$TaskActionWrapper.execute(AbstractTask.java:684)
	at org.gradle.api.internal.tasks.execution.ExecuteActionsTaskExecuter$5.run(ExecuteActionsTaskExecuter.java:476)
	at org.gradle.internal.operations.DefaultBuildOperationExecutor$RunnableBuildOperationWorker.execute(DefaultBuildOpera
tionExecutor.java:402)
	at org.gradle.internal.operations.DefaultBuildOperationExecutor$RunnableBuildOperationWorker.execute(DefaultBuildOpera
tionExecutor.java:394)
	at org.gradle.internal.operations.DefaultBuildOperationExecutor$1.execute(DefaultBuildOperationExecutor.java:165)
	at org.gradle.internal.operations.DefaultBuildOperationExecutor.execute(DefaultBuildOperationExecutor.java:250)
	at org.gradle.internal.operations.DefaultBuildOperationExecutor.execute(DefaultBuildOperationExecutor.java:158)
	at org.gradle.internal.operations.DefaultBuildOperationExecutor.run(DefaultBuildOperationExecutor.java:92)
	at org.gradle.internal.operations.DelegatingBuildOperationExecutor.run(DelegatingBuildOperationExecutor.java:31)
	at org.gradle.api.internal.tasks.execution.ExecuteActionsTaskExecuter.executeAction(ExecuteActionsTaskExecuter.java:46
1)
	at org.gradle.api.internal.tasks.execution.ExecuteActionsTaskExecuter.executeActions(ExecuteActionsTaskExecuter.java:4
44)
	at org.gradle.api.internal.tasks.execution.ExecuteActionsTaskExecuter.access$200(ExecuteActionsTaskExecuter.java:93)
	at org.gradle.api.internal.tasks.execution.ExecuteActionsTaskExecuter$TaskExecution.execute(ExecuteActionsTaskExecuter
.java:237)
	at org.gradle.internal.execution.steps.ExecuteStep.lambda$execute$1(ExecuteStep.java:33)
	at org.gradle.internal.execution.steps.ExecuteStep.execute(ExecuteStep.java:33)
	at org.gradle.internal.execution.steps.ExecuteStep.execute(ExecuteStep.java:26)
	at org.gradle.internal.execution.steps.CleanupOutputsStep.execute(CleanupOutputsStep.java:58)
	at org.gradle.internal.execution.steps.CleanupOutputsStep.execute(CleanupOutputsStep.java:35)
	at org.gradle.internal.execution.steps.ResolveInputChangesStep.execute(ResolveInputChangesStep.java:48)
	at org.gradle.internal.execution.steps.ResolveInputChangesStep.execute(ResolveInputChangesStep.java:33)
	at org.gradle.internal.execution.steps.CancelExecutionStep.execute(CancelExecutionStep.java:39)
	at org.gradle.internal.execution.steps.TimeoutStep.executeWithoutTimeout(TimeoutStep.java:73)
	at org.gradle.internal.execution.steps.TimeoutStep.execute(TimeoutStep.java:54)
	at org.gradle.internal.execution.steps.CatchExceptionStep.execute(CatchExceptionStep.java:35)
	at org.gradle.internal.execution.steps.CreateOutputsStep.execute(CreateOutputsStep.java:51)
	at org.gradle.internal.execution.steps.SnapshotOutputsStep.execute(SnapshotOutputsStep.java:45)
	at org.gradle.internal.execution.steps.SnapshotOutputsStep.execute(SnapshotOutputsStep.java:31)
	at org.gradle.internal.execution.steps.CacheStep.executeWithoutCache(CacheStep.java:208)
	at org.gradle.internal.execution.steps.CacheStep.execute(CacheStep.java:70)
	at org.gradle.internal.execution.steps.CacheStep.execute(CacheStep.java:45)
	at org.gradle.internal.execution.steps.BroadcastChangingOutputsStep.execute(BroadcastChangingOutputsStep.java:49)
	at org.gradle.internal.execution.steps.StoreSnapshotsStep.execute(StoreSnapshotsStep.java:43)
	at org.gradle.internal.execution.steps.StoreSnapshotsStep.execute(StoreSnapshotsStep.java:32)
	at org.gradle.internal.execution.steps.RecordOutputsStep.execute(RecordOutputsStep.java:38)
	at org.gradle.internal.execution.steps.RecordOutputsStep.execute(RecordOutputsStep.java:24)
	at org.gradle.internal.execution.steps.SkipUpToDateStep.executeBecause(SkipUpToDateStep.java:96)
	at org.gradle.internal.execution.steps.SkipUpToDateStep.lambda$execute$0(SkipUpToDateStep.java:89)
	at org.gradle.internal.execution.steps.SkipUpToDateStep.execute(SkipUpToDateStep.java:54)
	at org.gradle.internal.execution.steps.SkipUpToDateStep.execute(SkipUpToDateStep.java:38)
	at org.gradle.internal.execution.steps.ResolveChangesStep.execute(ResolveChangesStep.java:76)
	at org.gradle.internal.execution.steps.ResolveChangesStep.execute(ResolveChangesStep.java:37)
	at org.gradle.internal.execution.steps.legacy.MarkSnapshottingInputsFinishedStep.execute(MarkSnapshottingInputsFinishe
dStep.java:36)
	at org.gradle.internal.execution.steps.legacy.MarkSnapshottingInputsFinishedStep.execute(MarkSnapshottingInputsFinishe
dStep.java:26)
	at org.gradle.internal.execution.steps.ResolveCachingStateStep.execute(ResolveCachingStateStep.java:90)
	at org.gradle.internal.execution.steps.ResolveCachingStateStep.execute(ResolveCachingStateStep.java:48)
	at org.gradle.internal.execution.steps.CaptureStateBeforeExecutionStep.execute(CaptureStateBeforeExecutionStep.java:69
)
	at org.gradle.internal.execution.steps.CaptureStateBeforeExecutionStep.execute(CaptureStateBeforeExecutionStep.java:47
)
	at org.gradle.internal.execution.impl.DefaultWorkExecutor.execute(DefaultWorkExecutor.java:33)
	at org.gradle.api.internal.tasks.execution.ExecuteActionsTaskExecuter.execute(ExecuteActionsTaskExecuter.java:140)
	... 34 more


* Get more help at https://help.gradle.org


Deprecated Gradle features were used in this build, making it incompatible with Gradle 6.0.
BUILD FAILED in 22s
Use '--warning-mode all' to show the individual deprecation warnings.
See https://docs.gradle.org/5.6.1/userguide/command_line_interface.html#sec:command_line_warnings
63 actionable tasks: 1 executed, 62 up-to-date
